// Jest Snapshot v1, https://goo.gl/fbAQLP

exports[`<Searchbar /> should render correctly 1`] = `
<View
  accessible={true}
  focusable={false}
  onClick={[Function]}
  onResponderGrant={[Function]}
  onResponderMove={[Function]}
  onResponderRelease={[Function]}
  onResponderTerminate={[Function]}
  onResponderTerminationRequest={[Function]}
  onStartShouldSetResponder={[Function]}
  style={
    Object {
      "flex": 1,
      "padding": 20,
      "width": "100%",
    }
  }
  testID="searchContainer"
>
  <View
    style={
      Object {
        "marginBottom": 10,
      }
    }
    testID="searchNearbyTextContainer"
  >
    <Text
      style={
        Object {
          "color": "#EB8873",
          "fontFamily": "Arial",
          "fontSize": 18,
          "fontWeight": "bold",
        }
      }
      testID="searchNearbyText"
    >
      Search for happy hours nearby.
    </Text>
  </View>
  <View
    style={
      Object {
        "alignItems": "center",
        "alignSelf": "center",
        "backgroundColor": "#F0EEEE",
        "borderRadius": 15,
        "flexDirection": "row",
        "height": 50,
        "justifyContent": "space-between",
        "paddingHorizontal": 20,
        "width": "90%",
      }
    }
    testID="searchBarBackground"
  >
    <Text />
    <TextInput
      allowFontScaling={true}
      multiline={false}
      onChangeText={[Function]}
      onKeyPress={[Function]}
      placeholder="Enter City or Zip code"
      rejectResponderTermination={true}
      returnKeyType="next"
      style={
        Object {
          "fontSize": 18,
        }
      }
      testID="searchInput"
      underlineColorAndroid="transparent"
      value="France"
    />
    <View
      accessible={true}
      focusable={false}
      onClick={[Function]}
      onResponderGrant={[Function]}
      onResponderMove={[Function]}
      onResponderRelease={[Function]}
      onResponderTerminate={[Function]}
      onResponderTerminationRequest={[Function]}
      onStartShouldSetResponder={[Function]}
      style={
        Object {
          "opacity": 1,
        }
      }
    >
      <Text />
    </View>
  </View>
  <View
    accessible={true}
    focusable={true}
    onClick={[Function]}
    onResponderGrant={[Function]}
    onResponderMove={[Function]}
    onResponderRelease={[Function]}
    onResponderTerminate={[Function]}
    onResponderTerminationRequest={[Function]}
    onStartShouldSetResponder={[Function]}
    style={
      Object {
        "alignSelf": "flex-end",
        "color": "#E91E63",
        "marginRight": 20,
        "marginTop": 5,
        "opacity": 1,
      }
    }
    testID="searchButton"
  >
    <Text
      style={
        Object {
          "color": "#E91E63",
        }
      }
      testID="searchtext"
    >
      search
    </Text>
  </View>
</View>
`;
