// Jest Snapshot v1, https://goo.gl/fbAQLP

exports[`<Home /> should render correctly 1`] = `
<View
  onLayout={[Function]}
  style={
    Array [
      Object {
        "flex": 1,
      },
      Object {
        "paddingBottom": 0,
      },
    ]
  }
  testID="container"
>
  <View
    style={
      Object {
        "alignItems": "center",
        "backgroundColor": "#fff",
        "flex": 1,
        "justifyContent": "center",
      }
    }
    testID="inner"
  >
    <MapView
      accessible={true}
      focusable={true}
      initialCamera={
        Object {
          "altitude": 10,
          "center": Object {
            "latitude": 0,
            "longitude": 0,
          },
          "heading": 0,
          "pitch": 0,
          "zoom": 10,
        }
      }
      onClick={[Function]}
      onResponderGrant={[Function]}
      onResponderMove={[Function]}
      onResponderRelease={[Function]}
      onResponderTerminate={[Function]}
      onResponderTerminationRequest={[Function]}
      onStartShouldSetResponder={[Function]}
      style={
        Object {
          "flex": 3,
          "height": 667,
          "width": 750,
        }
      }
      testID="mapView"
    >
      <Marker
        coordinate={
          Object {
            "latitude": 0,
            "longitude": 0,
          }
        }
      />
    </MapView>
    <View
      accessible={true}
      focusable={true}
      onClick={[Function]}
      onResponderGrant={[Function]}
      onResponderMove={[Function]}
      onResponderRelease={[Function]}
      onResponderTerminate={[Function]}
      onResponderTerminationRequest={[Function]}
      onStartShouldSetResponder={[Function]}
      style={
        Object {
          "flex": 1,
          "padding": 20,
          "width": "100%",
        }
      }
      testID="searchContainer"
    >
      <View
        style={
          Object {
            "marginBottom": 10,
          }
        }
        testID="searchNearbyTextContainer"
      >
        <Text
          style={
            Object {
              "color": "#EB8873",
              "fontFamily": "Arial",
              "fontSize": 18,
              "fontWeight": "bold",
            }
          }
          testID="searchNearbyText"
        >
          Search for happy hours nearby.
        </Text>
      </View>
      <View
        style={
          Object {
            "alignItems": "center",
            "alignSelf": "center",
            "backgroundColor": "#F0EEEE",
            "borderRadius": 15,
            "flexDirection": "row",
            "height": 50,
            "justifyContent": "space-between",
            "paddingHorizontal": 20,
            "width": "90%",
          }
        }
        testID="searchBarBackground"
      >
        <Text />
        <TextInput
          allowFontScaling={true}
          multiline={false}
          onChangeText={[Function]}
          onKeyPress={[Function]}
          placeholder="Enter City or Zip code"
          rejectResponderTermination={true}
          returnKeyType="next"
          style={
            Object {
              "fontSize": 18,
            }
          }
          testID="searchInput"
          underlineColorAndroid="transparent"
          value=""
        />
        <View
          accessible={true}
          focusable={true}
          onClick={[Function]}
          onResponderGrant={[Function]}
          onResponderMove={[Function]}
          onResponderRelease={[Function]}
          onResponderTerminate={[Function]}
          onResponderTerminationRequest={[Function]}
          onStartShouldSetResponder={[Function]}
          style={
            Object {
              "opacity": 1,
            }
          }
        >
          <Text />
        </View>
      </View>
      <View
        accessible={true}
        focusable={true}
        onClick={[Function]}
        onResponderGrant={[Function]}
        onResponderMove={[Function]}
        onResponderRelease={[Function]}
        onResponderTerminate={[Function]}
        onResponderTerminationRequest={[Function]}
        onStartShouldSetResponder={[Function]}
        style={
          Object {
            "alignSelf": "flex-end",
            "color": "#E91E63",
            "marginRight": 20,
            "marginTop": 5,
            "opacity": 1,
          }
        }
        testID="searchButton"
      >
        <Text
          style={
            Object {
              "color": "#E91E63",
            }
          }
          testID="searchtext"
        >
          search
        </Text>
      </View>
    </View>
    <View
      style={
        Object {
          "flex": 2,
          "width": "100%",
        }
      }
      testID="scrollContainer"
    >
      <RCTScrollView
        data={Array []}
        disableVirtualization={false}
        getItem={[Function]}
        getItemCount={[Function]}
        horizontal={false}
        initialNumToRender={10}
        keyExtractor={[Function]}
        maxToRenderPerBatch={10}
        onContentSizeChange={[Function]}
        onEndReachedThreshold={2}
        onLayout={[Function]}
        onMomentumScrollEnd={[Function]}
        onScroll={[Function]}
        onScrollBeginDrag={[Function]}
        onScrollEndDrag={[Function]}
        removeClippedSubviews={false}
        renderItem={[Function]}
        scrollEventThrottle={50}
        stickyHeaderIndices={Array []}
        updateCellsBatchingPeriod={50}
        viewabilityConfigCallbackPairs={Array []}
        windowSize={21}
      >
        <View />
      </RCTScrollView>
    </View>
    <View
      accessible={true}
      focusable={true}
      onClick={[Function]}
      onResponderGrant={[Function]}
      onResponderMove={[Function]}
      onResponderRelease={[Function]}
      onResponderTerminate={[Function]}
      onResponderTerminationRequest={[Function]}
      onStartShouldSetResponder={[Function]}
      style={
        Object {
          "backgroundColor": "#FFFFFF",
          "borderRadius": 30,
          "padding": 20,
          "position": "absolute",
          "transform": Array [
            Object {
              "translateY": 1000,
            },
          ],
        }
      }
      testID="subView"
    >
      <View
        style={
          Object {
            "flex": 1,
          }
        }
        testID="header"
      >
        <View
          style={
            Object {
              "alignSelf": "center",
              "flex": 1,
            }
          }
          testID="title"
        >
          <Text
            style={
              Object {
                "color": "#EB8873",
                "fontSize": 20,
                "fontWeight": "bold",
              }
            }
          >
            Filters
          </Text>
        </View>
        <View
          style={
            Object {
              "flexDirection": "row",
              "justifyContent": "space-between",
            }
          }
          testID="headerSettings"
        >
          <View
            accessible={true}
            focusable={true}
            onClick={[Function]}
            onResponderGrant={[Function]}
            onResponderMove={[Function]}
            onResponderRelease={[Function]}
            onResponderTerminate={[Function]}
            onResponderTerminationRequest={[Function]}
            onStartShouldSetResponder={[Function]}
            style={
              Object {
                "alignItems": "center",
                "backgroundColor": "#FFFFFF",
                "borderRadius": 20,
                "justifyContent": "center",
                "opacity": 1,
                "padding": 10,
              }
            }
            testID="resetButton"
          >
            <Text
              style={
                Object {
                  "color": "#EB8873",
                  "fontWeight": "bold",
                }
              }
              testID="resetText"
            >
              Reset
            </Text>
          </View>
          <View
            accessible={true}
            focusable={true}
            onClick={[Function]}
            onResponderGrant={[Function]}
            onResponderMove={[Function]}
            onResponderRelease={[Function]}
            onResponderTerminate={[Function]}
            onResponderTerminationRequest={[Function]}
            onStartShouldSetResponder={[Function]}
            style={
              Object {
                "alignItems": "center",
                "backgroundColor": "#FFFFFF",
                "borderRadius": 20,
                "justifyContent": "center",
                "opacity": 1,
                "padding": 10,
              }
            }
            testID="cancelButton"
          >
            <Text
              style={
                Object {
                  "color": "#EB8873",
                  "fontWeight": "bold",
                }
              }
              testID="cancelText"
            >
              Cancel
            </Text>
          </View>
        </View>
      </View>
      <View
        style={
          Object {
            "alignItems": "center",
            "flex": 3,
            "justifyContent": "center",
          }
        }
        testID="filterInput"
      >
        <TextInput
          allowFontScaling={true}
          multiline={false}
          onChangeText={[Function]}
          placeholder="Enter City or Zip code"
          rejectResponderTermination={true}
          returnKeyType="next"
          style={
            Object {
              "flex": 1,
              "fontSize": 18,
              "padding": 20,
            }
          }
          testID="locationInput"
          textAlign="center"
          underlineColorAndroid="transparent"
          value=""
        />
        <TextInput
          allowFontScaling={true}
          multiline={false}
          onChangeText={[Function]}
          placeholder="Enter cuisine"
          rejectResponderTermination={true}
          returnKeyType="next"
          style={
            Object {
              "flex": 1,
              "fontSize": 18,
              "padding": 20,
            }
          }
          testID="cuisineInput"
          textAlign="center"
          underlineColorAndroid="transparent"
          value={null}
        />
        <View
          style={
            Object {
              "flexDirection": "row",
              "height": 100,
              "justifyContent": "space-around",
              "width": "80%",
            }
          }
          testID="priceTypeContainer"
        >
          <View
            accessible={true}
            focusable={true}
            onClick={[Function]}
            onResponderGrant={[Function]}
            onResponderMove={[Function]}
            onResponderRelease={[Function]}
            onResponderTerminate={[Function]}
            onResponderTerminationRequest={[Function]}
            onStartShouldSetResponder={[Function]}
            style={
              Object {
                "alignItems": "center",
                "backgroundColor": "#EB8873",
                "borderRadius": 30,
                "height": 45,
                "justifyContent": "center",
                "opacity": 1,
                "width": 45,
              }
            }
            testID="$Button"
          >
            <Text
              style={
                Object {
                  "color": "white",
                  "fontSize": 16,
                  "fontWeight": "bold",
                }
              }
            >
              $
            </Text>
          </View>
          <View
            accessible={true}
            focusable={true}
            onClick={[Function]}
            onResponderGrant={[Function]}
            onResponderMove={[Function]}
            onResponderRelease={[Function]}
            onResponderTerminate={[Function]}
            onResponderTerminationRequest={[Function]}
            onStartShouldSetResponder={[Function]}
            style={
              Object {
                "alignItems": "center",
                "backgroundColor": "#EB8873",
                "borderRadius": 30,
                "height": 45,
                "justifyContent": "center",
                "opacity": 1,
                "width": 45,
              }
            }
            testID="$$Button"
          >
            <Text
              style={
                Object {
                  "color": "white",
                  "fontSize": 16,
                  "fontWeight": "bold",
                }
              }
            >
              $$
            </Text>
          </View>
          <View
            accessible={true}
            focusable={true}
            onClick={[Function]}
            onResponderGrant={[Function]}
            onResponderMove={[Function]}
            onResponderRelease={[Function]}
            onResponderTerminate={[Function]}
            onResponderTerminationRequest={[Function]}
            onStartShouldSetResponder={[Function]}
            style={
              Object {
                "alignItems": "center",
                "backgroundColor": "#EB8873",
                "borderRadius": 30,
                "height": 45,
                "justifyContent": "center",
                "opacity": 1,
                "width": 45,
              }
            }
            testID="$$$Button"
          >
            <Text
              style={
                Object {
                  "color": "white",
                  "fontSize": 16,
                  "fontWeight": "bold",
                }
              }
            >
              $$$
            </Text>
          </View>
          <View
            accessible={true}
            focusable={true}
            onClick={[Function]}
            onResponderGrant={[Function]}
            onResponderMove={[Function]}
            onResponderRelease={[Function]}
            onResponderTerminate={[Function]}
            onResponderTerminationRequest={[Function]}
            onStartShouldSetResponder={[Function]}
            style={
              Object {
                "alignItems": "center",
                "backgroundColor": "#EB8873",
                "borderRadius": 30,
                "height": 45,
                "justifyContent": "center",
                "opacity": 1,
                "width": 45,
              }
            }
            testID="$$$$Button"
          >
            <Text
              style={
                Object {
                  "color": "white",
                  "fontSize": 16,
                  "fontWeight": "bold",
                }
              }
            >
              $$$$
            </Text>
          </View>
        </View>
        <View
          accessible={true}
          focusable={true}
          onClick={[Function]}
          onResponderGrant={[Function]}
          onResponderMove={[Function]}
          onResponderRelease={[Function]}
          onResponderTerminate={[Function]}
          onResponderTerminationRequest={[Function]}
          onStartShouldSetResponder={[Function]}
          style={
            Object {
              "alignItems": "center",
              "backgroundColor": "#EB8873",
              "borderRadius": 20,
              "justifyContent": "center",
              "opacity": 1,
              "padding": 10,
            }
          }
          testID="applyButton"
        >
          <Text
            style={
              Object {
                "color": "white",
                "fontWeight": "bold",
              }
            }
            testID="applyText"
          >
            Apply
          </Text>
        </View>
      </View>
    </View>
  </View>
</View>
`;
