// Jest Snapshot v1, https://goo.gl/fbAQLP

exports[`LogInHeader renders correctly 1`] = `
<View
  style={
    Object {
      "alignItems": "center",
      "flex": 2,
      "marginTop": 100,
    }
  }
>
  <Image
    source={
      Object {
        "testUri": "../../../src/images/logo.png",
      }
    }
    style={
      Object {
        "height": "40%",
        "opacity": 0.7,
        "width": "30%",
      }
    }
  />
</View>
`;
