// Jest Snapshot v1, https://goo.gl/fbAQLP

exports[`<Favorite /> should render correctly 1`] = `
<View
  style={
    Object {
      "borderBottomColor": "#ededed",
      "borderBottomWidth": 2,
      "flex": 1,
      "paddingHorizontal": 100,
      "paddingVertical": 20,
      "width": "100%",
    }
  }
  testID="container"
>
  <Text
    style={
      Object {
        "color": "black",
      }
    }
    testID="itemText"
  >
    Texas Roadhouse
  </Text>
</View>
`;
