// Jest Snapshot v1, https://goo.gl/fbAQLP

exports[`<Settings /> should render correctly 1`] = `
<RCTSafeAreaView
  emulateUnlessSupported={true}
  style={
    Object {
      "backgroundColor": "#fff",
      "flex": 1,
      "paddingTop": 0,
    }
  }
  testID="container"
>
  <View
    style={
      Object {
        "alignItems": "flex-end",
        "flex": 1,
        "justifyContent": "flex-start",
        "margin": 20,
      }
    }
    testID="logoutButtonContainer"
  >
    <View
      accessible={true}
      focusable={true}
      onClick={[Function]}
      onResponderGrant={[Function]}
      onResponderMove={[Function]}
      onResponderRelease={[Function]}
      onResponderTerminate={[Function]}
      onResponderTerminationRequest={[Function]}
      onStartShouldSetResponder={[Function]}
      style={
        Object {
          "alignItems": "center",
          "backgroundColor": "#EB8873",
          "borderRadius": 70,
          "color": "#fff",
          "elevation": 8,
          "height": 60,
          "justifyContent": "center",
          "opacity": 1,
          "width": 100,
        }
      }
      testID="logoutButton"
    >
      <Text
        style={
          Object {
            "color": "#fff",
            "fontSize": 14,
            "fontWeight": "bold",
          }
        }
        testID="logoutText"
      >
        Log Out
      </Text>
    </View>
    <Image
      source={1}
      style={
        Object {
          "alignSelf": "center",
          "height": "60%",
          "justifyContent": "flex-start",
          "marginTop": 20,
          "opacity": 0.7,
          "width": "45%",
        }
      }
      testID="logoImage"
    />
  </View>
  <View
    style={
      Object {
        "flex": 1,
        "justifyContent": "flex-start",
        "marginHorizontal": 20,
      }
    }
    testID="aboutContainer"
  >
    <View
      style={
        Object {
          "marginBottom": 20,
        }
      }
      testID="aboutBoozyContainer"
    >
      <Text
        style={
          Object {
            "color": "#EB8873",
            "fontSize": 30,
            "fontWeight": "bold",
          }
        }
        testID="aboutText"
      >
        About Boozy
      </Text>
      <Text
        style={
          Object {
            "color": "#ccc",
            "fontSize": 13,
          }
        }
        testID="aboutInfo"
      >
        Boozy is an app to help you find the best happy hour deals in your area.
      </Text>
    </View>
    <View>
      <Text
        style={
          Object {
            "color": "#EB8873",
            "fontSize": 30,
            "fontWeight": "bold",
          }
        }
        testID="creatorText"
      >
        About Us
      </Text>
      <Text
        style={
          Object {
            "color": "#ccc",
            "fontSize": 13,
          }
        }
        testID="creatorInfo"
      >
        Isaiah Jenkins, Hayden Miller, Chelsea Kaye Punzalan 
        

        Sponsor: Jose Alvarado 
        

        Professors: Doug Halperin and Luigi Lucaccini 
        

        TA: Harrison Chase Keeling
        

        CS 490 Spring 2020
      </Text>
    </View>
  </View>
</RCTSafeAreaView>
`;
