// Jest Snapshot v1, https://goo.gl/fbAQLP

exports[`<Restaurant /> should render correctly 1`] = `
<View
  accessible={true}
  focusable={true}
  onClick={[Function]}
  onResponderGrant={[Function]}
  onResponderMove={[Function]}
  onResponderRelease={[Function]}
  onResponderTerminate={[Function]}
  onResponderTerminationRequest={[Function]}
  onStartShouldSetResponder={[Function]}
  style={
    Object {
      "alignItems": "center",
      "borderBottomColor": "#ededed",
      "borderBottomWidth": 2,
      "flexDirection": "row",
      "justifyContent": "space-between",
      "padding": 20,
      "paddingHorizontal": 30,
    }
  }
  testID="container"
>
  <Text
    style={
      Object {
        "color": "black",
      }
    }
    testID="nameText"
  >
    test
  </Text>
  <View
    accessible={true}
    focusable={true}
    onClick={[Function]}
    onResponderGrant={[Function]}
    onResponderMove={[Function]}
    onResponderRelease={[Function]}
    onResponderTerminate={[Function]}
    onResponderTerminationRequest={[Function]}
    onStartShouldSetResponder={[Function]}
    style={
      Object {
        "backgroundColor": "#EB8873",
        "borderRadius": 20,
        "opacity": 1,
        "padding": 5,
      }
    }
    testID="viewRestaurant"
  >
    <Text
      style={
        Object {
          "color": "white",
          "fontWeight": "bold",
        }
      }
      testID="viewText"
    >
      view
    </Text>
  </View>
</View>
`;
