// Jest Snapshot v1, https://goo.gl/fbAQLP

exports[`<SignUp /> should match snapshot 1`] = `
<View
  onLayout={[Function]}
  style={
    Array [
      Object {
        "flex": 1,
      },
      Object {
        "paddingBottom": 0,
      },
    ]
  }
  testID="container"
>
  <View
    accessible={true}
    focusable={true}
    onClick={[Function]}
    onResponderGrant={[Function]}
    onResponderMove={[Function]}
    onResponderRelease={[Function]}
    onResponderTerminate={[Function]}
    onResponderTerminationRequest={[Function]}
    onStartShouldSetResponder={[Function]}
    style={
      Object {
        "alignItems": "center",
        "flex": 1,
        "justifyContent": "center",
      }
    }
    testID="inner"
  >
    <View
      accessibilityIgnoresInvertColors={true}
      style={
        Object {
          "flex": 1,
          "height": "100%",
          "opacity": 0.95,
          "width": "100%",
        }
      }
    >
      <Image
        source={
          Object {
            "testUri": "../../../src/images/background.jpg",
          }
        }
        style={
          Array [
            Object {
              "bottom": 0,
              "left": 0,
              "position": "absolute",
              "right": 0,
              "top": 0,
            },
            Object {
              "height": "100%",
              "width": "100%",
            },
            undefined,
          ]
        }
        testID="backgroundImage"
      />
      <View
        style={
          Object {
            "alignItems": "center",
            "flex": 2,
            "marginTop": 40,
          }
        }
      >
        <View
          accessible={true}
          focusable={true}
          onClick={[Function]}
          onResponderGrant={[Function]}
          onResponderMove={[Function]}
          onResponderRelease={[Function]}
          onResponderTerminate={[Function]}
          onResponderTerminationRequest={[Function]}
          onStartShouldSetResponder={[Function]}
          style={
            Object {
              "alignItems": "center",
              "alignSelf": "flex-end",
              "backgroundColor": "#EB8873",
              "borderRadius": 70,
              "color": "#fff",
              "height": 60,
              "justifyContent": "center",
              "marginRight": 5,
              "opacity": 1,
              "padding": 20,
              "width": 100,
            }
          }
        >
          <Text
            style={
              Object {
                "color": "white",
                "fontSize": 14,
                "fontWeight": "bold",
              }
            }
          >
            Log In
          </Text>
        </View>
        <Text
          style={
            Object {
              "color": "#EB8873",
              "fontFamily": "BradleyHandBold",
              "fontSize": 90,
            }
          }
        >
          Boozy
        </Text>
        <Text
          style={
            Object {
              "color": "white",
              "fontFamily": "BradleyHandBold",
              "fontSize": 25,
            }
          }
        >
          Happy hours, Happy you.
        </Text>
      </View>
      <View
        style={
          Object {
            "flex": 3,
            "paddingHorizontal": 40,
            "width": "100%",
          }
        }
      >
        <TextInput
          allowFontScaling={true}
          onChangeText={[Function]}
          placeholder="Email"
          placeholderTextColor="#EB8873"
          rejectResponderTermination={true}
          style={
            Object {
              "backgroundColor": "#FFFFFF",
              "borderRadius": 30,
              "borderTopColor": "#ededed",
              "borderTopWidth": 2,
              "color": "#EB8873",
              "marginBottom": 10,
              "padding": 30,
            }
          }
          underlineColorAndroid="transparent"
        />
        <TextInput
          allowFontScaling={true}
          onChangeText={[Function]}
          placeholder="Password"
          placeholderTextColor="#EB8873"
          rejectResponderTermination={true}
          secureTextEntry={true}
          style={
            Object {
              "backgroundColor": "#FFFFFF",
              "borderRadius": 30,
              "color": "#EB8873",
              "marginBottom": 50,
              "padding": 30,
            }
          }
          underlineColorAndroid="transparent"
        />
        <View
          accessible={true}
          focusable={true}
          onClick={[Function]}
          onResponderGrant={[Function]}
          onResponderMove={[Function]}
          onResponderRelease={[Function]}
          onResponderTerminate={[Function]}
          onResponderTerminationRequest={[Function]}
          onStartShouldSetResponder={[Function]}
          style={
            Object {
              "alignItems": "center",
              "alignSelf": "center",
              "backgroundColor": "#EB8873",
              "borderRadius": 70,
              "color": "#fff",
              "elevation": 8,
              "height": 90,
              "justifyContent": "center",
              "opacity": 1,
              "width": "80%",
            }
          }
          testID="signupButton"
        >
          <Text
            style={
              Object {
                "color": "white",
                "fontSize": 24,
                "fontWeight": "bold",
              }
            }
          >
            Sign Up
          </Text>
        </View>
      </View>
    </View>
  </View>
</View>
`;
