// Jest Snapshot v1, https://goo.gl/fbAQLP

exports[`<RestaurantHeader /> should render correctly 1`] = `
<View
  accessible={true}
  focusable={true}
  onClick={[Function]}
  onResponderGrant={[Function]}
  onResponderMove={[Function]}
  onResponderRelease={[Function]}
  onResponderTerminate={[Function]}
  onResponderTerminationRequest={[Function]}
  onStartShouldSetResponder={[Function]}
  style={
    Object {
      "backgroundColor": "#EB8873",
      "flex": 1,
      "justifyContent": "center",
      "width": "100%",
    }
  }
  testID="header"
>
  <Image
    source={
      Object {
        "uri": "",
      }
    }
    style={
      Object {
        "flex": 2,
        "height": "100%",
        "width": "100%",
      }
    }
    testID="logoImage"
  />
  <View
    style={
      Object {
        "alignItems": "center",
        "flexDirection": "row",
        "justifyContent": "space-between",
        "marginBottom": 10,
      }
    }
    testID="titleHeader"
  >
    <Text
      style={
        Object {
          "color": "white",
          "fontSize": 25,
          "fontWeight": "bold",
          "marginLeft": 10,
        }
      }
      testID="restaurantName"
    >
      
    </Text>
    <View
      accessible={true}
      focusable={true}
      onClick={[Function]}
      onResponderGrant={[Function]}
      onResponderMove={[Function]}
      onResponderRelease={[Function]}
      onResponderTerminate={[Function]}
      onResponderTerminationRequest={[Function]}
      onStartShouldSetResponder={[Function]}
      style={
        Object {
          "margin": 10,
          "marginBottom": 0,
          "opacity": 1,
        }
      }
      testID="favoriteButton"
    >
      <Text />
    </View>
  </View>
  <View
    style={
      Object {
        "flex": 1,
        "marginHorizontal": 15,
      }
    }
    testID="titleBody"
  >
    <View
      style={
        Object {
          "flex": 1,
          "marginBottom": 0,
        }
      }
      testID="infoContainer"
    >
      <Text
        style={
          Object {
            "color": "white",
            "fontSize": 14,
            "marginBottom": 0,
          }
        }
        testID="categoriesText"
      >
        
         • 
        4
        ★
      </Text>
      <Text
        style={
          Object {
            "color": "white",
            "fontSize": 14,
            "marginBottom": 0,
          }
        }
        testID="phoneNumberText"
      >
        
         • 
        
         Yelp Reviews
      </Text>
    </View>
    <View
      style={
        Object {
          "flex": 1,
          "paddingBottom": 0,
        }
      }
      testID="starRatingContainer"
    >
      <View
        pointerEvents="auto"
        style={
          Object {
            "flexDirection": "row",
            "justifyContent": "space-between",
          }
        }
      >
        <View
          forwardedRef={[Function]}
          style={Object {}}
        >
          <View
            accessibilityRole="button"
            accessible={true}
            focusable={true}
            onClick={[Function]}
            onResponderGrant={[Function]}
            onResponderMove={[Function]}
            onResponderRelease={[Function]}
            onResponderTerminate={[Function]}
            onResponderTerminationRequest={[Function]}
            onStartShouldSetResponder={[Function]}
            style={
              Object {
                "opacity": 1,
              }
            }
          >
            <Text />
          </View>
        </View>
        <View
          forwardedRef={[Function]}
          style={Object {}}
        >
          <View
            accessibilityRole="button"
            accessible={true}
            focusable={true}
            onClick={[Function]}
            onResponderGrant={[Function]}
            onResponderMove={[Function]}
            onResponderRelease={[Function]}
            onResponderTerminate={[Function]}
            onResponderTerminationRequest={[Function]}
            onStartShouldSetResponder={[Function]}
            style={
              Object {
                "opacity": 1,
              }
            }
          >
            <Text />
          </View>
        </View>
        <View
          forwardedRef={[Function]}
          style={Object {}}
        >
          <View
            accessibilityRole="button"
            accessible={true}
            focusable={true}
            onClick={[Function]}
            onResponderGrant={[Function]}
            onResponderMove={[Function]}
            onResponderRelease={[Function]}
            onResponderTerminate={[Function]}
            onResponderTerminationRequest={[Function]}
            onStartShouldSetResponder={[Function]}
            style={
              Object {
                "opacity": 1,
              }
            }
          >
            <Text />
          </View>
        </View>
        <View
          forwardedRef={[Function]}
          style={Object {}}
        >
          <View
            accessibilityRole="button"
            accessible={true}
            focusable={true}
            onClick={[Function]}
            onResponderGrant={[Function]}
            onResponderMove={[Function]}
            onResponderRelease={[Function]}
            onResponderTerminate={[Function]}
            onResponderTerminationRequest={[Function]}
            onStartShouldSetResponder={[Function]}
            style={
              Object {
                "opacity": 1,
              }
            }
          >
            <Text />
          </View>
        </View>
        <View
          forwardedRef={[Function]}
          style={Object {}}
        >
          <View
            accessibilityRole="button"
            accessible={true}
            focusable={true}
            onClick={[Function]}
            onResponderGrant={[Function]}
            onResponderMove={[Function]}
            onResponderRelease={[Function]}
            onResponderTerminate={[Function]}
            onResponderTerminationRequest={[Function]}
            onStartShouldSetResponder={[Function]}
            style={
              Object {
                "opacity": 1,
              }
            }
          >
            <Text />
          </View>
        </View>
      </View>
    </View>
  </View>
</View>
`;
